Archive member included to satisfy reference by file (symbol)

c:/program files (x86)/gnu tools arm embedded/6 2017-q2-update/bin/../lib/gcc/arm-none-eabi/6.3.1/thumb/v6-m\libgcc.a(_thumb1_case_uqi.o)
                              ..\obj\text.o (__gnu_thumb1_case_uqi)
c:/program files (x86)/gnu tools arm embedded/6 2017-q2-update/bin/../lib/gcc/arm-none-eabi/6.3.1/thumb/v6-m\libgcc.a(_udivsi3.o)
                              ..\obj\mini-printf.o (__aeabi_uidiv)
c:/program files (x86)/gnu tools arm embedded/6 2017-q2-update/bin/../lib/gcc/arm-none-eabi/6.3.1/thumb/v6-m\libgcc.a(_divsi3.o)
                              ..\obj\steer.o (__aeabi_idiv)
c:/program files (x86)/gnu tools arm embedded/6 2017-q2-update/bin/../lib/gcc/arm-none-eabi/6.3.1/thumb/v6-m\libgcc.a(_dvmd_tls.o)
                              c:/program files (x86)/gnu tools arm embedded/6 2017-q2-update/bin/../lib/gcc/arm-none-eabi/6.3.1/thumb/v6-m\libgcc.a(_udivsi3.o) (__aeabi_idiv0)
c:/program files (x86)/gnu tools arm embedded/6 2017-q2-update/bin/../lib/gcc/arm-none-eabi/6.3.1/../../../../arm-none-eabi/lib/thumb/v6-m\libg.a(lib_a-memcpy-stub.o)
                              ..\obj\debug-uart.o (memcpy)
c:/program files (x86)/gnu tools arm embedded/6 2017-q2-update/bin/../lib/gcc/arm-none-eabi/6.3.1/../../../../arm-none-eabi/lib/thumb/v6-m\libg.a(lib_a-memset.o)
                              ..\obj\memb.o (memset)
c:/program files (x86)/gnu tools arm embedded/6 2017-q2-update/bin/../lib/gcc/arm-none-eabi/6.3.1/../../../../arm-none-eabi/lib/thumb/v6-m\libg.a(lib_a-rand.o)
                              ..\obj\random.o (srand)
c:/program files (x86)/gnu tools arm embedded/6 2017-q2-update/bin/../lib/gcc/arm-none-eabi/6.3.1/../../../../arm-none-eabi/lib/thumb/v6-m\libg.a(lib_a-strlen-stub.o)
                              ..\obj\debug-uart.o (strlen)
c:/program files (x86)/gnu tools arm embedded/6 2017-q2-update/bin/../lib/gcc/arm-none-eabi/6.3.1/../../../../arm-none-eabi/lib/thumb/v6-m\libg.a(lib_a-impure.o)
                              c:/program files (x86)/gnu tools arm embedded/6 2017-q2-update/bin/../lib/gcc/arm-none-eabi/6.3.1/../../../../arm-none-eabi/lib/thumb/v6-m\libg.a(lib_a-rand.o) (_impure_ptr)
c:/program files (x86)/gnu tools arm embedded/6 2017-q2-update/bin/../lib/gcc/arm-none-eabi/6.3.1/thumb/v6-m\libgcc.a(_muldi3.o)
                              c:/program files (x86)/gnu tools arm embedded/6 2017-q2-update/bin/../lib/gcc/arm-none-eabi/6.3.1/../../../../arm-none-eabi/lib/thumb/v6-m\libg.a(lib_a-rand.o) (__aeabi_lmul)

Allocating common symbols
Common symbol       size              file

debugMsg            0x1f4             ..\obj\steer.o
font                0xc               ..\obj\text.o
momentAdd           0x2               ..\obj\steer.o
dmaBuffer           0x1000            ..\obj\dma.o
packets             0x1f40            ..\obj\can.o
calc_data_event     0x1               ..\obj\steer.o

Discarded input sections

 .text          0x00000000        0x0 ..\obj\delay.o
 .data          0x00000000        0x0 ..\obj\delay.o
 .bss           0x00000000        0x0 ..\obj\delay.o
 .bss.tick      0x00000000        0x4 ..\obj\delay.o
 .text          0x00000000        0x0 ..\obj\opMenu.o
 .data          0x00000000        0x0 ..\obj\opMenu.o
 .bss           0x00000000        0x0 ..\obj\opMenu.o
 .text.showValue
                0x00000000       0x78 ..\obj\opMenu.o
 .text.showHexValue
                0x00000000       0x68 ..\obj\opMenu.o
 .text.showOPMenu
                0x00000000       0xb4 ..\obj\opMenu.o
 .bss.sadState.6095
                0x00000000        0x6 ..\obj\opMenu.o
 .bss.steerDiff.6097
                0x00000000        0x6 ..\obj\opMenu.o
 .bss.steerTestData.6096
                0x00000000        0x6 ..\obj\opMenu.o
 .rodata.showHexValue.str1.1
                0x00000000        0x3 ..\obj\opMenu.o
 .rodata.showOPMenu.str1.1
                0x00000000       0x26 ..\obj\opMenu.o
 .rodata.showValue.str1.1
                0x00000000        0x7 ..\obj\opMenu.o
 .debug_info    0x00000000     0x17c5 ..\obj\opMenu.o
 .debug_abbrev  0x00000000      0x278 ..\obj\opMenu.o
 .debug_loc     0x00000000      0x213 ..\obj\opMenu.o
 .debug_aranges
                0x00000000       0x30 ..\obj\opMenu.o
 .debug_ranges  0x00000000       0x20 ..\obj\opMenu.o
 .debug_line    0x00000000      0x41a ..\obj\opMenu.o
 .debug_str     0x00000000      0xa6a ..\obj\opMenu.o
 .comment       0x00000000       0x80 ..\obj\opMenu.o
 .debug_frame   0x00000000       0x78 ..\obj\opMenu.o
 .ARM.attributes
                0x00000000       0x31 ..\obj\opMenu.o
 COMMON         0x00000000        0x0 ..\obj\opMenu.o
 .text          0x00000000        0x0 ..\obj\core.o
 .data          0x00000000        0x0 ..\obj\core.o
 .bss           0x00000000        0x0 ..\obj\core.o
 .text.LCD_setBrightness
                0x00000000       0x28 ..\obj\core.o
 .text.LCD_getWidth
                0x00000000        0xc ..\obj\core.o
 .text.LCD_getHeight
                0x00000000        0xc ..\obj\core.o
 .text.LCD_setSpi16
                0x00000000       0x20 ..\obj\core.o
 .text.LCD_setAddressWindow
                0x00000000       0x60 ..\obj\core.o
 .text          0x00000000        0x0 ..\obj\flash.o
 .data          0x00000000        0x0 ..\obj\flash.o
 .bss           0x00000000        0x0 ..\obj\flash.o
 .text.setKoefsDefault
                0x00000000        0xa ..\obj\flash.o
 .text.getCRC   0x00000000       0x14 ..\obj\flash.o
 .text          0x00000000        0x0 ..\obj\timer.o
 .data          0x00000000        0x0 ..\obj\timer.o
 .bss           0x00000000        0x0 ..\obj\timer.o
 .text.timer_reset
                0x00000000        0xa ..\obj\timer.o
 .text.timer_restart
                0x00000000        0xc ..\obj\timer.o
 .text.timer_remaining
                0x00000000       0x10 ..\obj\timer.o
 .text          0x00000000        0x0 ..\obj\mini-printf.o
 .data          0x00000000        0x0 ..\obj\mini-printf.o
 .bss           0x00000000        0x0 ..\obj\mini-printf.o
 .text          0x00000000        0x0 ..\obj\contiki-main.o
 .data          0x00000000        0x0 ..\obj\contiki-main.o
 .bss           0x00000000        0x0 ..\obj\contiki-main.o
 .text          0x00000000        0x0 ..\obj\steer.o
 .data          0x00000000        0x0 ..\obj\steer.o
 .bss           0x00000000        0x0 ..\obj\steer.o
 .text.limitMoment
                0x00000000       0x12 ..\obj\steer.o
 .text          0x00000000        0x0 ..\obj\main.o
 .data          0x00000000        0x0 ..\obj\main.o
 .bss           0x00000000        0x0 ..\obj\main.o
 .text          0x00000000        0x0 ..\obj\procinit.o
 .data          0x00000000        0x0 ..\obj\procinit.o
 .bss           0x00000000        0x0 ..\obj\procinit.o
 .text.procinit_init
                0x00000000       0x20 ..\obj\procinit.o
 .debug_info    0x00000000      0x1e0 ..\obj\procinit.o
 .debug_abbrev  0x00000000      0x12c ..\obj\procinit.o
 .debug_loc     0x00000000       0x14 ..\obj\procinit.o
 .debug_aranges
                0x00000000       0x20 ..\obj\procinit.o
 .debug_ranges  0x00000000       0x10 ..\obj\procinit.o
 .debug_line    0x00000000       0xba ..\obj\procinit.o
 .debug_str     0x00000000      0x242 ..\obj\procinit.o
 .comment       0x00000000       0x80 ..\obj\procinit.o
 .debug_frame   0x00000000       0x28 ..\obj\procinit.o
 .ARM.attributes
                0x00000000       0x31 ..\obj\procinit.o
 .text          0x00000000       0x14 ..\obj\startup_stm32f0xx.o
 .data          0x00000000        0x0 ..\obj\startup_stm32f0xx.o
 .bss           0x00000000        0x0 ..\obj\startup_stm32f0xx.o
 .text          0x00000000        0x0 ..\obj\normalMenu.o
 .data          0x00000000        0x0 ..\obj\normalMenu.o
 .bss           0x00000000        0x0 ..\obj\normalMenu.o
 .debug_info    0x00000000     0x1358 ..\obj\normalMenu.o
 .debug_abbrev  0x00000000      0x1de ..\obj\normalMenu.o
 .debug_aranges
                0x00000000       0x18 ..\obj\normalMenu.o
 .debug_line    0x00000000      0x321 ..\obj\normalMenu.o
 .debug_str     0x00000000      0x936 ..\obj\normalMenu.o
 .comment       0x00000000       0x80 ..\obj\normalMenu.o
 .ARM.attributes
                0x00000000       0x31 ..\obj\normalMenu.o
 .text          0x00000000        0x0 ..\obj\etimer.o
 .data          0x00000000        0x0 ..\obj\etimer.o
 .bss           0x00000000        0x0 ..\obj\etimer.o
 .text.etimer_reset
                0x00000000       0x10 ..\obj\etimer.o
 .text.etimer_restart
                0x00000000       0x10 ..\obj\etimer.o
 .text.etimer_adjust
                0x00000000        0xe ..\obj\etimer.o
 .text.etimer_expiration_time
                0x00000000        0x8 ..\obj\etimer.o
 .text.etimer_start_time
                0x00000000        0x4 ..\obj\etimer.o
 .text.etimer_stop
                0x00000000       0x34 ..\obj\etimer.o
 .text          0x00000000        0x0 ..\obj\can.o
 .data          0x00000000        0x0 ..\obj\can.o
 .bss           0x00000000        0x0 ..\obj\can.o
 .bss.lastId    0x00000000        0x2 ..\obj\can.o
 .text          0x00000000        0x0 ..\obj\iconc.o
 .data          0x00000000        0x0 ..\obj\iconc.o
 .bss           0x00000000        0x0 ..\obj\iconc.o
 .debug_info    0x00000000      0x610 ..\obj\iconc.o
 .debug_abbrev  0x00000000      0x114 ..\obj\iconc.o
 .debug_aranges
                0x00000000       0x18 ..\obj\iconc.o
 .debug_line    0x00000000      0x1e9 ..\obj\iconc.o
 .debug_str     0x00000000      0x53d ..\obj\iconc.o
 .comment       0x00000000       0x80 ..\obj\iconc.o
 .ARM.attributes
                0x00000000       0x31 ..\obj\iconc.o
 .text          0x00000000        0x0 ..\obj\graph.o
 .data          0x00000000        0x0 ..\obj\graph.o
 .bss           0x00000000        0x0 ..\obj\graph.o
 .text.LCD_readPixels
                0x00000000       0x80 ..\obj\graph.o
 .text.LCD_fillRect
                0x00000000       0x34 ..\obj\graph.o
 .text.LCD_fillScreen
                0x00000000       0x1e ..\obj\graph.o
 .text.LCD_putPixelCont
                0x00000000       0x1c ..\obj\graph.o
 .text.LCD_drawFastHLine
                0x00000000       0x18 ..\obj\graph.o
 .text.LCD_drawFastVLine
                0x00000000       0x1a ..\obj\graph.o
 .text.LCD_drawCircle
                0x00000000      0x138 ..\obj\graph.o
 .text.LCD_fillCircleHelper
                0x00000000       0xde ..\obj\graph.o
 .text.LCD_fillCircle
                0x00000000       0x2c ..\obj\graph.o
 .text.LCD_drawLine
                0x00000000       0xc4 ..\obj\graph.o
 .text.LCD_drawRect
                0x00000000       0x66 ..\obj\graph.o
 .text.LCD_setVerticalScrolling
                0x00000000       0x2c ..\obj\graph.o
 .text.LCD_scroll
                0x00000000       0x20 ..\obj\graph.o
 .text.LCD_icon
                0x00000000       0x88 ..\obj\graph.o
 .debug_info    0x00000000     0x1c29 ..\obj\graph.o
 .debug_abbrev  0x00000000      0x361 ..\obj\graph.o
 .debug_loc     0x00000000      0xbf2 ..\obj\graph.o
 .debug_aranges
                0x00000000       0x88 ..\obj\graph.o
 .debug_ranges  0x00000000       0xc0 ..\obj\graph.o
 .debug_line    0x00000000      0x51e ..\obj\graph.o
 .debug_str     0x00000000      0xb3a ..\obj\graph.o
 .comment       0x00000000       0x80 ..\obj\graph.o
 .debug_frame   0x00000000      0x1c4 ..\obj\graph.o
 .ARM.attributes
                0x00000000       0x31 ..\obj\graph.o
 .text          0x00000000        0x0 ..\obj\rtimer.o
 .data          0x00000000        0x0 ..\obj\rtimer.o
 .bss           0x00000000        0x0 ..\obj\rtimer.o
 .text.rtimer_init
                0x00000000        0x8 ..\obj\rtimer.o
 .text.rtimer_set
                0x00000000       0x24 ..\obj\rtimer.o
 .text.rtimer_run_next
                0x00000000       0x28 ..\obj\rtimer.o
 .bss.next_rtimer
                0x00000000        0x4 ..\obj\rtimer.o
 .debug_info    0x00000000      0x2f7 ..\obj\rtimer.o
 .debug_abbrev  0x00000000      0x1d1 ..\obj\rtimer.o
 .debug_loc     0x00000000       0xe0 ..\obj\rtimer.o
 .debug_aranges
                0x00000000       0x30 ..\obj\rtimer.o
 .debug_ranges  0x00000000       0x20 ..\obj\rtimer.o
 .debug_line    0x00000000       0xee ..\obj\rtimer.o
 .debug_str     0x00000000      0x2fc ..\obj\rtimer.o
 .comment       0x00000000       0x80 ..\obj\rtimer.o
 .debug_frame   0x00000000       0x58 ..\obj\rtimer.o
 .ARM.attributes
                0x00000000       0x31 ..\obj\rtimer.o
 .text          0x00000000        0x0 ..\obj\system_stm32f0xx_temp.o
 .data          0x00000000        0x0 ..\obj\system_stm32f0xx_temp.o
 .bss           0x00000000        0x0 ..\obj\system_stm32f0xx_temp.o
 .text.SystemCoreClockUpdate1
                0x00000000       0x64 ..\obj\system_stm32f0xx_temp.o
 .data.AHBPrescTable
                0x00000000       0x10 ..\obj\system_stm32f0xx_temp.o
 .data.SystemCoreClock
                0x00000000        0x4 ..\obj\system_stm32f0xx_temp.o
 .text          0x00000000        0x0 ..\obj\text.o
 .data          0x00000000        0x0 ..\obj\text.o
 .bss           0x00000000        0x0 ..\obj\text.o
 .text.LCD_write
                0x00000000      0x1f0 ..\obj\text.o
 .text.LCD_setCursor
                0x00000000       0x14 ..\obj\text.o
 .text.LCD_setTextSize
                0x00000000        0xc ..\obj\text.o
 .text.LCD_setTextColor
                0x00000000        0xc ..\obj\text.o
 .text.LCD_setTextBgColor
                0x00000000        0xc ..\obj\text.o
 .text.LCD_getCursorX
                0x00000000        0xc ..\obj\text.o
 .text.LCD_getCursorY
                0x00000000        0xc ..\obj\text.o
 .text.LCD_SetFont
                0x00000000       0x90 ..\obj\text.o
 .text.LCD_showChar
                0x00000000      0x100 ..\obj\text.o
 .text.getStringLen
                0x00000000       0x24 ..\obj\text.o
 .text.LCD_writeString
                0x00000000       0x50 ..\obj\text.o
 .bss._cp437    0x00000000        0x1 ..\obj\text.o
 .bss.cursorX   0x00000000        0x2 ..\obj\text.o
 .bss.cursorY   0x00000000        0x2 ..\obj\text.o
 .data.textBgColor
                0x00000000        0x2 ..\obj\text.o
 .data.textColor
                0x00000000        0x2 ..\obj\text.o
 .data.textSize
                0x00000000        0x1 ..\obj\text.o
 .data.wrap     0x00000000        0x1 ..\obj\text.o
 .rodata.Droid_Sans13x17
                0x00000000      0x280 ..\obj\text.o
 .rodata.Droid_Sans16x14
                0x00000000     0x16f2 ..\obj\text.o
 .rodata.Droid_Sans18x32
                0x00000000      0x36c ..\obj\text.o
 .rodata.Droid_Sans34x56
                0x00000000      0xb34 ..\obj\text.o
 .rodata.Droid_Sans7x8
                0x00000000      0x700 ..\obj\text.o
 .rodata.fontOrigin
                0x00000000      0x500 ..\obj\text.o
 .debug_info    0x00000000      0xdf4 ..\obj\text.o
 .debug_abbrev  0x00000000      0x2d8 ..\obj\text.o
 .debug_loc     0x00000000      0x64a ..\obj\text.o
 .debug_aranges
                0x00000000       0x70 ..\obj\text.o
 .debug_ranges  0x00000000       0x80 ..\obj\text.o
 .debug_line    0x00000000      0x470 ..\obj\text.o
 .debug_str     0x00000000      0x813 ..\obj\text.o
 .comment       0x00000000       0x80 ..\obj\text.o
 .debug_frame   0x00000000      0x114 ..\obj\text.o
 .ARM.attributes
                0x00000000       0x31 ..\obj\text.o
 COMMON         0x00000000        0xc ..\obj\text.o
 .text          0x00000000        0x0 ..\obj\memb.o
 .data          0x00000000        0x0 ..\obj\memb.o
 .bss           0x00000000        0x0 ..\obj\memb.o
 .text.memb_init
                0x00000000       0x1e ..\obj\memb.o
 .text.memb_alloc
                0x00000000       0x2a ..\obj\memb.o
 .text.memb_free
                0x00000000       0x30 ..\obj\memb.o
 .text.memb_inmemb
                0x00000000       0x1c ..\obj\memb.o
 .debug_info    0x00000000      0xaea ..\obj\memb.o
 .debug_abbrev  0x00000000      0x246 ..\obj\memb.o
 .debug_loc     0x00000000      0x1a0 ..\obj\memb.o
 .debug_aranges
                0x00000000       0x38 ..\obj\memb.o
 .debug_ranges  0x00000000       0x28 ..\obj\memb.o
 .debug_line    0x00000000      0x259 ..\obj\memb.o
 .debug_str     0x00000000      0x651 ..\obj\memb.o
 .comment       0x00000000       0x80 ..\obj\memb.o
 .debug_frame   0x00000000       0x74 ..\obj\memb.o
 .ARM.attributes
                0x00000000       0x31 ..\obj\memb.o
 .text          0x00000000        0x0 ..\obj\process.o
 .data          0x00000000        0x0 ..\obj\process.o
 .bss           0x00000000        0x0 ..\obj\process.o
 .text.process_exit
                0x00000000       0x10 ..\obj\process.o
 .text.process_nevents
                0x00000000       0x14 ..\obj\process.o
 .text.process_is_running
                0x00000000        0x8 ..\obj\process.o
 .text          0x00000000        0x0 ..\obj\list.o
 .data          0x00000000        0x0 ..\obj\list.o
 .bss           0x00000000        0x0 ..\obj\list.o
 .text.list_copy
                0x00000000        0x6 ..\obj\list.o
 .text.list_tail
                0x00000000       0x12 ..\obj\list.o
 .text.list_chop
                0x00000000       0x22 ..\obj\list.o
 .text.list_pop
                0x00000000        0xe ..\obj\list.o
 .text.list_add
                0x00000000       0x20 ..\obj\list.o
 .text.list_push
                0x00000000       0x12 ..\obj\list.o
 .text.list_length
                0x00000000       0x10 ..\obj\list.o
 .text.list_insert
                0x00000000       0x16 ..\obj\list.o
 .text.list_item_next
                0x00000000        0x8 ..\obj\list.o
 .text          0x00000000        0x0 ..\obj\syscalls.o
 .data          0x00000000        0x0 ..\obj\syscalls.o
 .bss           0x00000000        0x0 ..\obj\syscalls.o
 .text._sbrk    0x00000000       0x20 ..\obj\syscalls.o
 .text.link     0x00000000        0x6 ..\obj\syscalls.o
 .text._close   0x00000000        0x6 ..\obj\syscalls.o
 .text._fstat   0x00000000        0xa ..\obj\syscalls.o
 .text._isatty  0x00000000        0x4 ..\obj\syscalls.o
 .text._lseek   0x00000000        0x4 ..\obj\syscalls.o
 .text._read    0x00000000        0x4 ..\obj\syscalls.o
 .text._write   0x00000000        0x4 ..\obj\syscalls.o
 .text.abort    0x00000000        0x2 ..\obj\syscalls.o
 .bss.heap.5277
                0x00000000        0x4 ..\obj\syscalls.o
 .debug_info    0x00000000      0xc9b ..\obj\syscalls.o
 .debug_abbrev  0x00000000      0x266 ..\obj\syscalls.o
 .debug_loc     0x00000000       0xf2 ..\obj\syscalls.o
 .debug_aranges
                0x00000000       0x58 ..\obj\syscalls.o
 .debug_ranges  0x00000000       0x48 ..\obj\syscalls.o
 .debug_line    0x00000000      0x2c4 ..\obj\syscalls.o
 .debug_str     0x00000000      0x72a ..\obj\syscalls.o
 .comment       0x00000000       0x80 ..\obj\syscalls.o
 .debug_frame   0x00000000       0xa0 ..\obj\syscalls.o
 .ARM.attributes
                0x00000000       0x31 ..\obj\syscalls.o
 .text          0x00000000        0x0 ..\obj\debug-uart.o
 .data          0x00000000        0x0 ..\obj\debug-uart.o
 .bss           0x00000000        0x0 ..\obj\debug-uart.o
 .text.dbg_putchar
                0x00000000       0x40 ..\obj\debug-uart.o
 .text.dbg_blocking_putchar
                0x00000000       0x38 ..\obj\debug-uart.o
 .text.my_debug
                0x00000000       0x10 ..\obj\debug-uart.o
 .text.debug_dump
                0x00000000       0x38 ..\obj\debug-uart.o
 .text.print_hexdump_log
                0x00000000       0x54 ..\obj\debug-uart.o
 .bss.dbg_write_overrun
                0x00000000        0x1 ..\obj\debug-uart.o
 .rodata.dbg_putchar.str1.1
                0x00000000        0x2 ..\obj\debug-uart.o
 .rodata.print_hexdump_log.str1.1
                0x00000000       0x17 ..\obj\debug-uart.o
 .text          0x00000000        0x0 ..\obj\debug.o
 .data          0x00000000        0x0 ..\obj\debug.o
 .bss           0x00000000        0x0 ..\obj\debug.o
 .text.debug_set_log_mode
                0x00000000        0x2 ..\obj\debug.o
 .text.debug_set_threshold
                0x00000000        0x2 ..\obj\debug.o
 .text          0x00000000        0x0 ..\obj\random.o
 .data          0x00000000        0x0 ..\obj\random.o
 .bss           0x00000000        0x0 ..\obj\random.o
 .text.random_init
                0x00000000        0x8 ..\obj\random.o
 .text.random_rand
                0x00000000        0xa ..\obj\random.o
 .debug_info    0x00000000      0x90a ..\obj\random.o
 .debug_abbrev  0x00000000      0x1ee ..\obj\random.o
 .debug_loc     0x00000000       0x21 ..\obj\random.o
 .debug_aranges
                0x00000000       0x28 ..\obj\random.o
 .debug_ranges  0x00000000       0x18 ..\obj\random.o
 .debug_line    0x00000000      0x1cb ..\obj\random.o
 .debug_str     0x00000000      0x575 ..\obj\random.o
 .comment       0x00000000       0x80 ..\obj\random.o
 .debug_frame   0x00000000       0x40 ..\obj\random.o
 .ARM.attributes
                0x00000000       0x31 ..\obj\random.o
 .text          0x00000000        0x0 ..\obj\accControl.o
 .data          0x00000000        0x0 ..\obj\accControl.o
 .bss           0x00000000        0x0 ..\obj\accControl.o
 .text.accCtlLevelTimerCb
                0x00000000       0x20 ..\obj\accControl.o
 .text.setAccCtlLevel
                0x00000000       0x24 ..\obj\accControl.o
 .text          0x00000000        0x0 ..\obj\ctimer.o
 .data          0x00000000        0x0 ..\obj\ctimer.o
 .bss           0x00000000        0x0 ..\obj\ctimer.o
 .text.ctimer_set
                0x00000000       0x4c ..\obj\ctimer.o
 .text.ctimer_reset
                0x00000000       0x40 ..\obj\ctimer.o
 .text.ctimer_restart
                0x00000000       0x40 ..\obj\ctimer.o
 .text.ctimer_stop
                0x00000000       0x2c ..\obj\ctimer.o
 .text.ctimer_expired
                0x00000000       0x38 ..\obj\ctimer.o
 .text          0x00000000        0x0 ..\obj\autostart.o
 .data          0x00000000        0x0 ..\obj\autostart.o
 .bss           0x00000000        0x0 ..\obj\autostart.o
 .text.autostart_exit
                0x00000000       0x16 ..\obj\autostart.o
 .text          0x00000000        0x0 ..\obj\stimer.o
 .data          0x00000000        0x0 ..\obj\stimer.o
 .bss           0x00000000        0x0 ..\obj\stimer.o
 .text.stimer_set
                0x00000000        0xe ..\obj\stimer.o
 .text.stimer_reset
                0x00000000        0xa ..\obj\stimer.o
 .text.stimer_restart
                0x00000000        0xc ..\obj\stimer.o
 .text.stimer_expired
                0x00000000       0x1c ..\obj\stimer.o
 .text.stimer_remaining
                0x00000000       0x10 ..\obj\stimer.o
 .text.stimer_elapsed
                0x00000000        0xe ..\obj\stimer.o
 .debug_info    0x00000000      0x1b6 ..\obj\stimer.o
 .debug_abbrev  0x00000000       0xce ..\obj\stimer.o
 .debug_loc     0x00000000       0xff ..\obj\stimer.o
 .debug_aranges
                0x00000000       0x48 ..\obj\stimer.o
 .debug_ranges  0x00000000       0x38 ..\obj\stimer.o
 .debug_line    0x00000000       0xf1 ..\obj\stimer.o
 .debug_str     0x00000000      0x1c7 ..\obj\stimer.o
 .comment       0x00000000       0x80 ..\obj\stimer.o
 .debug_frame   0x00000000       0x98 ..\obj\stimer.o
 .ARM.attributes
                0x00000000       0x31 ..\obj\stimer.o
 .text          0x00000000        0x0 ..\obj\filter.o
 .data          0x00000000        0x0 ..\obj\filter.o
 .bss           0x00000000        0x0 ..\obj\filter.o
 .text.fir      0x00000000       0x4c ..\obj\filter.o
 .rodata        0x00000000        0xa ..\obj\filter.o
 .bss.x.4164    0x00000000        0xa ..\obj\filter.o
 .debug_info    0x00000000      0x132 ..\obj\filter.o
 .debug_abbrev  0x00000000       0xc3 ..\obj\filter.o
 .debug_loc     0x00000000       0x84 ..\obj\filter.o
 .debug_aranges
                0x00000000       0x20 ..\obj\filter.o
 .debug_ranges  0x00000000       0x10 ..\obj\filter.o
 .debug_line    0x00000000      0x159 ..\obj\filter.o
 .debug_str     0x00000000      0x18f ..\obj\filter.o
 .comment       0x00000000       0x80 ..\obj\filter.o
 .debug_frame   0x00000000       0x34 ..\obj\filter.o
 .ARM.attributes
                0x00000000       0x31 ..\obj\filter.o
 .text          0x00000000        0x0 ..\obj\dma.o
 .data          0x00000000        0x0 ..\obj\dma.o
 .bss           0x00000000        0x0 ..\obj\dma.o
 .text.dmaReceiveDataCont8
                0x00000000       0x38 ..\obj\dma.o
 .text.dmaSendData8
                0x00000000       0x30 ..\obj\dma.o
 .text.dmaSendData16
                0x00000000       0x54 ..\obj\dma.o
 .text.dmaSendDataCont16
                0x00000000       0x48 ..\obj\dma.o
 .text.dmaFill16
                0x00000000       0x74 ..\obj\dma.o
 .bss.dmaBufIndex
                0x00000000        0x2 ..\obj\dma.o
 COMMON         0x00000000     0x1000 ..\obj\dma.o
 .text          0x00000000        0x0 ..\obj\clock.o
 .data          0x00000000        0x0 ..\obj\clock.o
 .bss           0x00000000        0x0 ..\obj\clock.o
 .text.clock_seconds
                0x00000000        0xc ..\obj\clock.o
 .text          0x00000000       0x14 c:/program files (x86)/gnu tools arm embedded/6 2017-q2-update/bin/../lib/gcc/arm-none-eabi/6.3.1/thumb/v6-m\libgcc.a(_thumb1_case_uqi.o)
 .data          0x00000000        0x0 c:/program files (x86)/gnu tools arm embedded/6 2017-q2-update/bin/../lib/gcc/arm-none-eabi/6.3.1/thumb/v6-m\libgcc.a(_thumb1_case_uqi.o)
 .bss           0x00000000        0x0 c:/program files (x86)/gnu tools arm embedded/6 2017-q2-update/bin/../lib/gcc/arm-none-eabi/6.3.1/thumb/v6-m\libgcc.a(_thumb1_case_uqi.o)
 .ARM.attributes
                0x00000000       0x1e c:/program files (x86)/gnu tools arm embedded/6 2017-q2-update/bin/../lib/gcc/arm-none-eabi/6.3.1/thumb/v6-m\libgcc.a(_thumb1_case_uqi.o)
 .data          0x00000000        0x0 c:/program files (x86)/gnu tools arm embedded/6 2017-q2-update/bin/../lib/gcc/arm-none-eabi/6.3.1/thumb/v6-m\libgcc.a(_udivsi3.o)
 .bss           0x00000000        0x0 c:/program files (x86)/gnu tools arm embedded/6 2017-q2-update/bin/../lib/gcc/arm-none-eabi/6.3.1/thumb/v6-m\libgcc.a(_udivsi3.o)
 .data          0x00000000        0x0 c:/program files (x86)/gnu tools arm embedded/6 2017-q2-update/bin/../lib/gcc/arm-none-eabi/6.3.1/thumb/v6-m\libgcc.a(_divsi3.o)
 .bss           0x00000000        0x0 c:/program files (x86)/gnu tools arm embedded/6 2017-q2-update/bin/../lib/gcc/arm-none-eabi/6.3.1/thumb/v6-m\libgcc.a(_divsi3.o)
 .data          0x00000000        0x0 c:/program files (x86)/gnu tools arm embedded/6 2017-q2-update/bin/../lib/gcc/arm-none-eabi/6.3.1/thumb/v6-m\libgcc.a(_dvmd_tls.o)
 .bss           0x00000000        0x0 c:/program files (x86)/gnu tools arm embedded/6 2017-q2-update/bin/../lib/gcc/arm-none-eabi/6.3.1/thumb/v6-m\libgcc.a(_dvmd_tls.o)
 .text          0x00000000        0x0 c:/program files (x86)/gnu tools arm embedded/6 2017-q2-update/bin/../lib/gcc/arm-none-eabi/6.3.1/../../../../arm-none-eabi/lib/thumb/v6-m\libg.a(lib_a-memcpy-stub.o)
 .data          0x00000000        0x0 c:/program files (x86)/gnu tools arm embedded/6 2017-q2-update/bin/../lib/gcc/arm-none-eabi/6.3.1/../../../../arm-none-eabi/lib/thumb/v6-m\libg.a(lib_a-memcpy-stub.o)
 .bss           0x00000000        0x0 c:/program files (x86)/gnu tools arm embedded/6 2017-q2-update/bin/../lib/gcc/arm-none-eabi/6.3.1/../../../../arm-none-eabi/lib/thumb/v6-m\libg.a(lib_a-memcpy-stub.o)
 .text          0x00000000        0x0 c:/program files (x86)/gnu tools arm embedded/6 2017-q2-update/bin/../lib/gcc/arm-none-eabi/6.3.1/../../../../arm-none-eabi/lib/thumb/v6-m\libg.a(lib_a-memset.o)
 .data          0x00000000        0x0 c:/program files (x86)/gnu tools arm embedded/6 2017-q2-update/bin/../lib/gcc/arm-none-eabi/6.3.1/../../../../arm-none-eabi/lib/thumb/v6-m\libg.a(lib_a-memset.o)
 .bss           0x00000000        0x0 c:/program files (x86)/gnu tools arm embedded/6 2017-q2-update/bin/../lib/gcc/arm-none-eabi/6.3.1/../../../../arm-none-eabi/lib/thumb/v6-m\libg.a(lib_a-memset.o)
 .text.memset   0x00000000       0x94 c:/program files (x86)/gnu tools arm embedded/6 2017-q2-update/bin/../lib/gcc/arm-none-eabi/6.3.1/../../../../arm-none-eabi/lib/thumb/v6-m\libg.a(lib_a-memset.o)
 .debug_frame   0x00000000       0x30 c:/program files (x86)/gnu tools arm embedded/6 2017-q2-update/bin/../lib/gcc/arm-none-eabi/6.3.1/../../../../arm-none-eabi/lib/thumb/v6-m\libg.a(lib_a-memset.o)
 .ARM.attributes
                0x00000000       0x2c c:/program files (x86)/gnu tools arm embedded/6 2017-q2-update/bin/../lib/gcc/arm-none-eabi/6.3.1/../../../../arm-none-eabi/lib/thumb/v6-m\libg.a(lib_a-memset.o)
 .text          0x00000000        0x0 c:/program files (x86)/gnu tools arm embedded/6 2017-q2-update/bin/../lib/gcc/arm-none-eabi/6.3.1/../../../../arm-none-eabi/lib/thumb/v6-m\libg.a(lib_a-rand.o)
 .data          0x00000000        0x0 c:/program files (x86)/gnu tools arm embedded/6 2017-q2-update/bin/../lib/gcc/arm-none-eabi/6.3.1/../../../../arm-none-eabi/lib/thumb/v6-m\libg.a(lib_a-rand.o)
 .bss           0x00000000        0x0 c:/program files (x86)/gnu tools arm embedded/6 2017-q2-update/bin/../lib/gcc/arm-none-eabi/6.3.1/../../../../arm-none-eabi/lib/thumb/v6-m\libg.a(lib_a-rand.o)
 .text.srand    0x00000000       0x14 c:/program files (x86)/gnu tools arm embedded/6 2017-q2-update/bin/../lib/gcc/arm-none-eabi/6.3.1/../../../../arm-none-eabi/lib/thumb/v6-m\libg.a(lib_a-rand.o)
 .text.rand     0x00000000       0x34 c:/program files (x86)/gnu tools arm embedded/6 2017-q2-update/bin/../lib/gcc/arm-none-eabi/6.3.1/../../../../arm-none-eabi/lib/thumb/v6-m\libg.a(lib_a-rand.o)
 .debug_frame   0x00000000       0x38 c:/program files (x86)/gnu tools arm embedded/6 2017-q2-update/bin/../lib/gcc/arm-none-eabi/6.3.1/../../../../arm-none-eabi/lib/thumb/v6-m\libg.a(lib_a-rand.o)
 .ARM.attributes
                0x00000000       0x2c c:/program files (x86)/gnu tools arm embedded/6 2017-q2-update/bin/../lib/gcc/arm-none-eabi/6.3.1/../../../../arm-none-eabi/lib/thumb/v6-m\libg.a(lib_a-rand.o)
 .text          0x00000000        0x0 c:/program files (x86)/gnu tools arm embedded/6 2017-q2-update/bin/../lib/gcc/arm-none-eabi/6.3.1/../../../../arm-none-eabi/lib/thumb/v6-m\libg.a(lib_a-strlen-stub.o)
 .data          0x00000000        0x0 c:/program files (x86)/gnu tools arm embedded/6 2017-q2-update/bin/../lib/gcc/arm-none-eabi/6.3.1/../../../../arm-none-eabi/lib/thumb/v6-m\libg.a(lib_a-strlen-stub.o)
 .bss           0x00000000        0x0 c:/program files (x86)/gnu tools arm embedded/6 2017-q2-update/bin/../lib/gcc/arm-none-eabi/6.3.1/../../../../arm-none-eabi/lib/thumb/v6-m\libg.a(lib_a-strlen-stub.o)
 .text          0x00000000        0x0 c:/program files (x86)/gnu tools arm embedded/6 2017-q2-update/bin/../lib/gcc/arm-none-eabi/6.3.1/../../../../arm-none-eabi/lib/thumb/v6-m\libg.a(lib_a-impure.o)
 .data          0x00000000        0x0 c:/program files (x86)/gnu tools arm embedded/6 2017-q2-update/bin/../lib/gcc/arm-none-eabi/6.3.1/../../../../arm-none-eabi/lib/thumb/v6-m\libg.a(lib_a-impure.o)
 .bss           0x00000000        0x0 c:/program files (x86)/gnu tools arm embedded/6 2017-q2-update/bin/../lib/gcc/arm-none-eabi/6.3.1/../../../../arm-none-eabi/lib/thumb/v6-m\libg.a(lib_a-impure.o)
 .data._impure_ptr
                0x00000000        0x4 c:/program files (x86)/gnu tools arm embedded/6 2017-q2-update/bin/../lib/gcc/arm-none-eabi/6.3.1/../../../../arm-none-eabi/lib/thumb/v6-m\libg.a(lib_a-impure.o)
 .data.impure_data
                0x00000000      0x428 c:/program files (x86)/gnu tools arm embedded/6 2017-q2-update/bin/../lib/gcc/arm-none-eabi/6.3.1/../../../../arm-none-eabi/lib/thumb/v6-m\libg.a(lib_a-impure.o)
 .rodata._global_impure_ptr
                0x00000000        0x4 c:/program files (x86)/gnu tools arm embedded/6 2017-q2-update/bin/../lib/gcc/arm-none-eabi/6.3.1/../../../../arm-none-eabi/lib/thumb/v6-m\libg.a(lib_a-impure.o)
 .ARM.attributes
                0x00000000       0x2c c:/program files (x86)/gnu tools arm embedded/6 2017-q2-update/bin/../lib/gcc/arm-none-eabi/6.3.1/../../../../arm-none-eabi/lib/thumb/v6-m\libg.a(lib_a-impure.o)
 .text          0x00000000       0x54 c:/program files (x86)/gnu tools arm embedded/6 2017-q2-update/bin/../lib/gcc/arm-none-eabi/6.3.1/thumb/v6-m\libgcc.a(_muldi3.o)
 .data          0x00000000        0x0 c:/program files (x86)/gnu tools arm embedded/6 2017-q2-update/bin/../lib/gcc/arm-none-eabi/6.3.1/thumb/v6-m\libgcc.a(_muldi3.o)
 .bss           0x00000000        0x0 c:/program files (x86)/gnu tools arm embedded/6 2017-q2-update/bin/../lib/gcc/arm-none-eabi/6.3.1/thumb/v6-m\libgcc.a(_muldi3.o)
 .debug_frame   0x00000000       0x34 c:/program files (x86)/gnu tools arm embedded/6 2017-q2-update/bin/../lib/gcc/arm-none-eabi/6.3.1/thumb/v6-m\libgcc.a(_muldi3.o)
 .ARM.attributes
                0x00000000       0x2c c:/program files (x86)/gnu tools arm embedded/6 2017-q2-update/bin/../lib/gcc/arm-none-eabi/6.3.1/thumb/v6-m\libgcc.a(_muldi3.o)

Memory Configuration

Name             Origin             Length             Attributes
rom              0x08000000         0x00040000         xr
ram              0x20000000         0x00008000         xrw
*default*        0x00000000         0xffffffff

Linker script and memory map

                0x20008000                _eram = 0x20008000

.text           0x08000000     0x29e3
 *(.isr_vector)
 .isr_vector    0x08000000       0xc4 ..\obj\startup_stm32f0xx.o
                0x08000000                g_pfnVectors
 *(.text*)
 .text.delay_ms
                0x080000c4       0x32 ..\obj\delay.o
                0x080000c4                delay_ms
 .text.delay_us
                0x080000f6       0x2e ..\obj\delay.o
                0x080000f6                delay_us
 .text.LCD_reset
                0x08000124       0x24 ..\obj\core.o
                0x08000124                LCD_reset
 .text.LCD_exitStandby
                0x08000148       0x16 ..\obj\core.o
                0x08000148                LCD_exitStandby
 *fill*         0x0800015e        0x2 
 .text.LCD_setOrientation
                0x08000160       0x3c ..\obj\core.o
                0x08000160                LCD_setOrientation
 .text.LCD_init
                0x0800019c       0xac ..\obj\core.o
                0x0800019c                LCD_init
 .text.LCD_setSpi8
                0x08000248       0x2c ..\obj\core.o
                0x08000248                LCD_setSpi8
 .text.getKoefsCRC
                0x08000274       0x30 ..\obj\flash.o
                0x08000274                getKoefsCRC
 .text.writeFlash
                0x080002a4       0x6c ..\obj\flash.o
                0x080002a4                writeFlash
 .text.erasePage
                0x08000310       0x44 ..\obj\flash.o
                0x08000310                erasePage
 .text.setKoefs
                0x08000354       0x6c ..\obj\flash.o
                0x08000354                setKoefs
 .text.getKoefs
                0x080003c0       0x94 ..\obj\flash.o
                0x080003c0                getKoefs
 .text.timer_set
                0x08000454        0xe ..\obj\timer.o
                0x08000454                timer_set
 .text.timer_expired
                0x08000462       0x18 ..\obj\timer.o
                0x08000462                timer_expired
 .text._putc.4566
                0x0800047a       0x24 ..\obj\mini-printf.o
 .text._puts.4570
                0x0800049e       0x32 ..\obj\mini-printf.o
 .text.mini_itoa.part.0
                0x080004d0       0x94 ..\obj\mini-printf.o
 .text.mini_vsnprintf
                0x08000564       0xe0 ..\obj\mini-printf.o
                0x08000564                mini_vsnprintf
 .text.mini_snprintf
                0x08000644       0x16 ..\obj\mini-printf.o
                0x08000644                mini_snprintf
 *fill*         0x0800065a        0x2 
 .text.startup.main
                0x0800065c       0x68 ..\obj\contiki-main.o
                0x0800065c                main
 .text.DMA1_Channel1_IRQHandler
                0x080006c4      0x184 ..\obj\steer.o
                0x080006c4                DMA1_Channel1_IRQHandler
 .text.initLeds
                0x08000848       0x38 ..\obj\steer.o
                0x08000848                initLeds
 .text.initADC  0x08000880       0xfc ..\obj\steer.o
                0x08000880                initADC
 .text.initSteerControl
                0x0800097c       0x50 ..\obj\steer.o
                0x0800097c                initSteerControl
 .text.correctMoment
                0x080009cc       0x60 ..\obj\steer.o
                0x080009cc                correctMoment
 .text.makePID  0x08000a2c      0x19c ..\obj\steer.o
                0x08000a2c                makePID
 .text.process_thread_steer_process
                0x08000bc8      0x258 ..\obj\steer.o
 .text.process_thread_menu_process
                0x08000e20      0x3dc ..\obj\main.o
 .text.Reset_Handler
                0x080011fc       0x4c ..\obj\startup_stm32f0xx.o
                0x080011fc                Reset_Handler
 .text.Default_Handler
                0x08001248        0x2 ..\obj\startup_stm32f0xx.o
                0x08001248                TIM1_CC_IRQHandler
                0x08001248                HardFault_Handler
                0x08001248                ADC1_COMP_IRQHandler
                0x08001248                PVD_IRQHandler
                0x08001248                PendSV_Handler
                0x08001248                NMI_Handler
                0x08001248                I2C1_IRQHandler
                0x08001248                SPI1_IRQHandler
                0x08001248                TIM6_DAC_IRQHandler
                0x08001248                EXTI2_3_IRQHandler
                0x08001248                I2C2_IRQHandler
                0x08001248                TIM17_IRQHandler
                0x08001248                RTC_IRQHandler
                0x08001248                TIM16_IRQHandler
                0x08001248                TIM3_IRQHandler
                0x08001248                EXTI4_15_IRQHandler
                0x08001248                RCC_IRQHandler
                0x08001248                Default_Handler
                0x08001248                TIM14_IRQHandler
                0x08001248                TIM7_IRQHandler
                0x08001248                TIM15_IRQHandler
                0x08001248                EXTI0_1_IRQHandler
                0x08001248                SPI2_IRQHandler
                0x08001248                SVC_Handler
                0x08001248                TS_IRQHandler
                0x08001248                WWDG_IRQHandler
                0x08001248                TIM2_IRQHandler
                0x08001248                USART2_IRQHandler
                0x08001248                FLASH_IRQHandler
                0x08001248                USART1_IRQHandler
                0x08001248                TIM1_BRK_UP_TRG_COM_IRQHandler
 *fill*         0x0800124a        0x2 
 .text.update_time
                0x0800124c       0x40 ..\obj\etimer.o
 .text.etimer_request_poll
                0x0800128c       0x10 ..\obj\etimer.o
                0x0800128c                etimer_request_poll
 .text.process_thread_etimer_process
                0x0800129c       0xb0 ..\obj\etimer.o
 .text.add_timer
                0x0800134c       0x40 ..\obj\etimer.o
 .text.etimer_set
                0x0800138c       0x10 ..\obj\etimer.o
                0x0800138c                etimer_set
 .text.etimer_expired
                0x0800139c        0x8 ..\obj\etimer.o
                0x0800139c                etimer_expired
 .text.etimer_pending
                0x080013a4       0x10 ..\obj\etimer.o
                0x080013a4                etimer_pending
 .text.etimer_next_expiration_time
                0x080013b4       0x18 ..\obj\etimer.o
                0x080013b4                etimer_next_expiration_time
 .text.initCanBus
                0x080013cc      0x148 ..\obj\can.o
                0x080013cc                initCanBus
 .text.sendPacket
                0x08001514       0x88 ..\obj\can.o
                0x08001514                sendPacket
 .text.sendConfirm
                0x0800159c       0x30 ..\obj\can.o
                0x0800159c                sendConfirm
 .text.CEC_IRQHandler
                0x080015cc      0x36c ..\obj\can.o
                0x080015cc                CEC_IRQHandler
 .text.SetSysClock1
                0x08001938       0x58 ..\obj\system_stm32f0xx_temp.o
                0x08001938                SetSysClock
 .text.SystemInit1
                0x08001990       0x64 ..\obj\system_stm32f0xx_temp.o
                0x08001990                SystemInit
                0x08001990                SystemInit1
 .text.call_process.part.0
                0x080019f4       0x38 ..\obj\process.o
 .text.call_process
                0x08001a2c        0xe ..\obj\process.o
 *fill*         0x08001a3a        0x2 
 .text.exit_process
                0x08001a3c       0x84 ..\obj\process.o
 .text.do_poll  0x08001ac0       0x34 ..\obj\process.o
 .text.process_alloc_event
                0x08001af4       0x10 ..\obj\process.o
                0x08001af4                process_alloc_event
 .text.process_init
                0x08001b04       0x30 ..\obj\process.o
                0x08001b04                process_init
 .text.process_run
                0x08001b34       0xa8 ..\obj\process.o
                0x08001b34                process_run
 .text.process_post
                0x08001bdc       0x3c ..\obj\process.o
                0x08001bdc                process_post
 .text.process_post_synch
                0x08001c18       0x14 ..\obj\process.o
                0x08001c18                process_post_synch
 .text.process_start
                0x08001c2c       0x30 ..\obj\process.o
                0x08001c2c                process_start
 .text.process_poll
                0x08001c5c       0x1c ..\obj\process.o
                0x08001c5c                process_poll
 .text.list_init
                0x08001c78        0x6 ..\obj\list.o
                0x08001c78                list_init
 .text.list_head
                0x08001c7e        0x4 ..\obj\list.o
                0x08001c7e                list_head
 .text.list_remove
                0x08001c82       0x2c ..\obj\list.o
                0x08001c82                list_remove
 *fill*         0x08001cae        0x2 
 .text.update_dma
                0x08001cb0       0x68 ..\obj\debug-uart.o
 .text.initDebug
                0x08001d18       0xa0 ..\obj\debug-uart.o
                0x08001d18                initDebug
 .text.DMA1_Channel4_5_IRQHandler
                0x08001db8       0x40 ..\obj\debug-uart.o
                0x08001db8                DMA1_Channel4_5_IRQHandler
 .text.dbg_send_bytes
                0x08001df8       0xa8 ..\obj\debug-uart.o
                0x08001df8                dbg_send_bytes
 .text.dbg_drain
                0x08001ea0       0x24 ..\obj\debug-uart.o
                0x08001ea0                dbg_drain
 .text.debug_usart
                0x08001ec4       0x4c ..\obj\debug-uart.o
                0x08001ec4                debug_usart
 .text.wifi_debug_print_msg
                0x08001f10       0x60 ..\obj\debug-uart.o
                0x08001f10                wifi_debug_print_msg
 .text.debug_fmt
                0x08001f70       0x2c ..\obj\debug.o
                0x08001f70                debug_fmt
 .text.getAccKey
                0x08001f9c       0x6c ..\obj\accControl.o
                0x08001f9c                getAccKey
 .text.initAccControl
                0x08002008       0x70 ..\obj\accControl.o
                0x08002008                initAccControl
 .text.process_thread_ctimer_process
                0x08002078       0x88 ..\obj\ctimer.o
 .text.ctimer_init
                0x08002100       0x24 ..\obj\ctimer.o
                0x08002100                ctimer_init
 .text.autostart_start
                0x08002124       0x18 ..\obj\autostart.o
                0x08002124                autostart_start
 .text.dmaSend8
                0x0800213c       0x30 ..\obj\dma.o
 .text.dmaInit  0x0800216c       0x34 ..\obj\dma.o
                0x0800216c                dmaInit
 .text.dmaSendCmd
                0x080021a0       0x3c ..\obj\dma.o
                0x080021a0                dmaSendCmd
 .text.dmaSendCmdCont
                0x080021dc       0x34 ..\obj\dma.o
                0x080021dc                dmaSendCmdCont
 .text.dmaSendDataCont8
                0x08002210       0x28 ..\obj\dma.o
                0x08002210                dmaSendDataCont8
 .text.DMA1_Channel2_3_IRQHandler
                0x08002238       0x44 ..\obj\dma.o
                0x08002238                DMA1_Channel2_3_IRQHandler
 .text.SysTick_Handler
                0x0800227c       0x5c ..\obj\clock.o
                0x0800227c                SysTick_Handler
 .text.clock_init
                0x080022d8       0x30 ..\obj\clock.o
                0x080022d8                clock_init
 .text.clock_time
                0x08002308        0xc ..\obj\clock.o
                0x08002308                clock_time
 .text          0x08002314      0x114 c:/program files (x86)/gnu tools arm embedded/6 2017-q2-update/bin/../lib/gcc/arm-none-eabi/6.3.1/thumb/v6-m\libgcc.a(_udivsi3.o)
                0x08002314                __aeabi_uidiv
                0x08002314                __udivsi3
                0x08002420                __aeabi_uidivmod
 .text          0x08002428      0x1d4 c:/program files (x86)/gnu tools arm embedded/6 2017-q2-update/bin/../lib/gcc/arm-none-eabi/6.3.1/thumb/v6-m\libgcc.a(_divsi3.o)
                0x08002428                __divsi3
                0x08002428                __aeabi_idiv
                0x080025f4                __aeabi_idivmod
 .text          0x080025fc        0x4 c:/program files (x86)/gnu tools arm embedded/6 2017-q2-update/bin/../lib/gcc/arm-none-eabi/6.3.1/thumb/v6-m\libgcc.a(_dvmd_tls.o)
                0x080025fc                __aeabi_idiv0
                0x080025fc                __aeabi_ldiv0
 .text.memcpy   0x08002600       0x84 c:/program files (x86)/gnu tools arm embedded/6 2017-q2-update/bin/../lib/gcc/arm-none-eabi/6.3.1/../../../../arm-none-eabi/lib/thumb/v6-m\libg.a(lib_a-memcpy-stub.o)
                0x08002600                memcpy
 .text.strlen   0x08002684       0x64 c:/program files (x86)/gnu tools arm embedded/6 2017-q2-update/bin/../lib/gcc/arm-none-eabi/6.3.1/../../../../arm-none-eabi/lib/thumb/v6-m\libg.a(lib_a-strlen-stub.o)
                0x08002684                strlen
 *(.init)
 *(.fini)
 *crtbegin.o(.ctors)
 *crtbegin?.o(.ctors)
 *(EXCLUDE_FILE(*crtend.o *crtend?.o) .ctors)
 *(SORT(.ctors.*))
 *(.ctors)
 *crtbegin.o(.dtors)
 *crtbegin?.o(.dtors)
 *(EXCLUDE_FILE(*crtend.o *crtend?.o) .dtors)
 *(SORT(.dtors.*))
 *(.dtors)
 *(.rodata*)
 .rodata.init_commands
                0x080026e8       0x6e ..\obj\core.o
 .rodata.process_thread_steer_process.str1.1
                0x08002756       0x9a ..\obj\steer.o
 .rodata.str1.1
                0x080027f0        0xe ..\obj\steer.o
 *fill*         0x080027fe        0x2 
 .rodata.autostart_processes
                0x08002800        0xc ..\obj\main.o
                0x08002800                autostart_processes
 .rodata.process_thread_menu_process.str1.1
                0x0800280c      0x138 ..\obj\main.o
 .rodata.str1.1
                0x08002944        0xd ..\obj\main.o
 .rodata.str1.1
                0x08002951        0xc ..\obj\etimer.o
 .rodata.sendPacket.str1.1
                0x0800295d       0x63 ..\obj\can.o
 .rodata.my_debug.str1.1
                0x080029c0       0x63 ..\obj\debug-uart.o
                                  0x3 (size before relaxing)
 .rodata.wifi_debug_print_msg.str1.1
                0x080029c0       0x14 ..\obj\debug-uart.o
 .rodata.str1.1
                0x080029d4        0xf ..\obj\ctimer.o
 *(.eh_fram e*)

.glue_7         0x080029e4        0x0
 .glue_7        0x080029e4        0x0 linker stubs

.glue_7t        0x080029e4        0x0
 .glue_7t       0x080029e4        0x0 linker stubs

.vfp11_veneer   0x080029e4        0x0
 .vfp11_veneer  0x080029e4        0x0 linker stubs

.v4_bx          0x080029e4        0x0
 .v4_bx         0x080029e4        0x0 linker stubs

.iplt           0x080029e4        0x0
 .iplt          0x080029e4        0x0 ..\obj\delay.o

.rel.dyn        0x080029e4        0x0
 .rel.iplt      0x080029e4        0x0 ..\obj\delay.o
                0x080029e4                . = ALIGN (0x4)

.ARM.extab
 *(.ARM.extab* .gnu.linkonce.armextab.*)
                0x080029e4                . = ALIGN (0x4)
                0x080029e4                __exidx_start = .

.ARM.exidx
 *(.ARM.exidx* .gnu.linkonce.armexidx.*)
                0x080029e4                __exidx_end = .
                0x080029e4                __etext = .
                0x080029e4                . = ALIGN (0x4)
                0x080029e4                _sidata = __etext
                0x080029e4                . = ALIGN (0x4)

.data           0x20000000       0xb0 load address 0x080029e4
                0x20000000                __data_start__ = .
                0x20000000                _sdata = __data_start__
 *(vtable)
 *(.data*)
 .data.screen_height
                0x20000000        0x2 ..\obj\core.o
 .data.screen_width
                0x20000002        0x2 ..\obj\core.o
 .data.correctKoefsCopy
                0x20000004        0x2 ..\obj\flash.o
                0x20000004                correctKoefsCopy
 *fill*         0x20000006        0x2 
 .data.flashKoefs
                0x20000008        0x4 ..\obj\flash.o
                0x20000008                flashKoefs
 .data.flashKoefsCopy
                0x2000000c        0x4 ..\obj\flash.o
                0x2000000c                flashKoefsCopy
 .data.mDiffLimit
                0x20000010        0x2 ..\obj\steer.o
                0x20000010                mDiffLimit
 .data.pidDAngle
                0x20000012        0xa ..\obj\steer.o
                0x20000012                pidDAngle
 .data.pidDData
                0x2000001c        0xa ..\obj\steer.o
                0x2000001c                pidDData
 .data.pidIAngle
                0x20000026        0xa ..\obj\steer.o
                0x20000026                pidIAngle
 .data.pidIData
                0x20000030        0xa ..\obj\steer.o
                0x20000030                pidIData
 .data.pidNFAngle
                0x2000003a        0xa ..\obj\steer.o
                0x2000003a                pidNFAngle
 .data.pidNFData
                0x20000044        0xa ..\obj\steer.o
                0x20000044                pidNFData
 .data.pidPAngle
                0x2000004e        0xa ..\obj\steer.o
                0x2000004e                pidPAngle
 .data.pidPData
                0x20000058        0xa ..\obj\steer.o
                0x20000058                pidPData
 *fill*         0x20000062        0x2 
 .data.steer_process
                0x20000064       0x10 ..\obj\steer.o
                0x20000064                steer_process
 .data.menu_process
                0x20000074       0x10 ..\obj\main.o
                0x20000074                menu_process
 .data.etimer_process
                0x20000084       0x10 ..\obj\etimer.o
                0x20000084                etimer_process
 .data.xmit_buffer_head
                0x20000094        0x4 ..\obj\debug-uart.o
 .data.xmit_buffer_tail
                0x20000098        0x4 ..\obj\debug-uart.o
 .data.ctimer_process
                0x2000009c       0x10 ..\obj\ctimer.o
                0x2000009c                ctimer_process
 .data.second_countdown
                0x200000ac        0x4 ..\obj\clock.o
                0x200000b0                . = ALIGN (0x4)
                [!provide]                PROVIDE (__preinit_array_start, .)
 *(.preinit_array)
                [!provide]                PROVIDE (__preinit_array_end, .)
                0x200000b0                . = ALIGN (0x4)
                [!provide]                PROVIDE (__init_array_start, .)
 *(SORT(.init_array.*))
 *(.init_array)
                [!provide]                PROVIDE (__init_array_end, .)
                0x200000b0                . = ALIGN (0x4)
                [!provide]                PROVIDE (__fini_array_start, .)
 *(SORT(.fini_array.*))
 *(.fini_array)
                [!provide]                PROVIDE (__fini_array_end, .)
 *(.jcr*)
                0x200000b0                . = ALIGN (0x4)
                0x200000b0                __data_end__ = .
                0x200000b0                _edata = __data_end__

.igot.plt       0x200000b0        0x0 load address 0x08002a94
 .igot.plt      0x200000b0        0x0 ..\obj\delay.o

.bss            0x200000b0     0x3128 load address 0x08002a98
                0x200000b0                . = ALIGN (0x4)
                0x200000b0                __bss_start__ = .
                0x200000b0                _sbss = __bss_start__
 *(.bss*)
 .bss.idle_count
                0x200000b0        0x4 ..\obj\contiki-main.o
                0x200000b0                idle_count
 .bss.D         0x200000b4        0x4 ..\obj\steer.o
 .bss.dArr.6039
                0x200000b8       0x40 ..\obj\steer.o
 .bss.dIndex.6041
                0x200000f8        0x1 ..\obj\steer.o
 *fill*         0x200000f9        0x3 
 .bss.diffArr.6040
                0x200000fc        0xc ..\obj\steer.o
 .bss.diffIndex.6042
                0x20000108        0x1 ..\obj\steer.o
 *fill*         0x20000109        0x1 
 .bss.oldState.5995
                0x2000010a        0x2 ..\obj\steer.o
 .bss.oldVal1.5993
                0x2000010c        0x2 ..\obj\steer.o
 .bss.oldVal2.5994
                0x2000010e        0x2 ..\obj\steer.o
 .bss.prevData.6037
                0x20000110        0x4 ..\obj\steer.o
 .bss.prevMoment.6038
                0x20000114        0x4 ..\obj\steer.o
 .bss.prevSetAngle.6059
                0x20000118        0x2 ..\obj\steer.o
 *fill*         0x2000011a        0x2 
 .bss.res       0x2000011c        0x4 ..\obj\steer.o
 .bss.smoothSwitchCnt.5996
                0x20000120        0x4 ..\obj\steer.o
 .bss.steerActionTimer
                0x20000124        0x4 ..\obj\steer.o
 .bss.sum       0x20000128        0x4 ..\obj\steer.o
 .bss.timer.6057
                0x2000012c       0x10 ..\obj\steer.o
 .bss.bntPressCnt.5630
                0x2000013c        0x2 ..\obj\main.o
 .bss.isNeedSetKoefs
                0x2000013e        0x1 ..\obj\main.o
 *fill*         0x2000013f        0x1 
 .bss.murchik   0x20000140       0x8c ..\obj\main.o
                0x20000140                murchik
 .bss.oldSteerKey.5628
                0x200001cc        0x1 ..\obj\main.o
 .bss.onState.5626
                0x200001cd        0x1 ..\obj\main.o
 .bss.res.5627  0x200001ce        0x1 ..\obj\main.o
 *fill*         0x200001cf        0x1 
 .bss.statusCnt.5625
                0x200001d0        0x4 ..\obj\main.o
 .bss.timer.5624
                0x200001d4       0x10 ..\obj\main.o
 .bss.next_expiration
                0x200001e4        0x4 ..\obj\etimer.o
 .bss.timerlist
                0x200001e8        0x4 ..\obj\etimer.o
 .bss.errCnt.5574
                0x200001ec        0x1 ..\obj\can.o
 *fill*         0x200001ed        0x1 
 .bss.packetNumber
                0x200001ee        0x2 ..\obj\can.o
                0x200001ee                packetNumber
 .bss.data.5260
                0x200001f0        0x4 ..\obj\process.o
 .bss.ev.5259   0x200001f4        0x1 ..\obj\process.o
 *fill*         0x200001f5        0x3 
 .bss.events    0x200001f8       0xc0 ..\obj\process.o
 .bss.fevent    0x200002b8        0x1 ..\obj\process.o
 .bss.lastevent
                0x200002b9        0x1 ..\obj\process.o
 .bss.nevents   0x200002ba        0x1 ..\obj\process.o
 *fill*         0x200002bb        0x1 
 .bss.p.5262    0x200002bc        0x4 ..\obj\process.o
 .bss.poll_requested
                0x200002c0        0x1 ..\obj\process.o
 *fill*         0x200002c1        0x3 
 .bss.process_current
                0x200002c4        0x4 ..\obj\process.o
                0x200002c4                process_current
 .bss.process_list
                0x200002c8        0x4 ..\obj\process.o
                0x200002c8                process_list
 .bss.dma_end   0x200002cc        0x4 ..\obj\debug-uart.o
 .bss.dma_running
                0x200002d0        0x1 ..\obj\debug-uart.o
                0x200002d0                dma_running
 .bss.uart_buffer
                0x200002d1      0x100 ..\obj\debug-uart.o
                0x200002d1                uart_buffer
 .bss.xmit_buffer
                0x200003d1      0xbb8 ..\obj\debug-uart.o
 .bss.str.5068  0x20000f89      0x100 ..\obj\debug.o
 *fill*         0x20001089        0x3 
 .bss.ctimer_list_list
                0x2000108c        0x4 ..\obj\ctimer.o
 .bss.initialized
                0x20001090        0x1 ..\obj\ctimer.o
 *fill*         0x20001091        0x3 
 .bss.current_clock
                0x20001094        0x4 ..\obj\clock.o
 .bss.current_seconds
                0x20001098        0x4 ..\obj\clock.o
 *(COMMON)
 COMMON         0x2000109c      0x1f7 ..\obj\steer.o
                0x2000109c                debugMsg
                0x20001290                momentAdd
                0x20001292                calc_data_event
 *fill*         0x20001293        0x5 
 COMMON         0x20001298     0x1f40 ..\obj\can.o
                0x20001298                packets
                0x200031d8                . = ALIGN (0x4)
                0x200031d8                __bss_end__ = .
                0x200031d8                _ebss = __bss_end__

.heap           0x200031d8        0x0
                0x200031d8                __end__ = .
                0x200031d8                _end = __end__
                0x200031d8                end = __end__
 *(.heap*)
                0x200031d8                __HeapLimit = .

.co_stack       0x200031d8        0x0
                0x200031d8                . = ALIGN (0x8)
 *(.co_stack .co_stack.*)
                0x20008000                __StackTop = (ORIGIN (ram) + LENGTH (ram))
                0x20008000                __StackLimit = (__StackTop - SIZEOF (.co_stack))
                [!provide]                PROVIDE (__stack, __StackTop)
                0x00000001                ASSERT ((__StackLimit >= __HeapLimit), region ram  overflowed with stack)
LOAD ..\obj\delay.o
LOAD ..\obj\opMenu.o
LOAD ..\obj\core.o
LOAD ..\obj\flash.o
LOAD ..\obj\timer.o
LOAD ..\obj\mini-printf.o
LOAD ..\obj\contiki-main.o
LOAD ..\obj\steer.o
LOAD ..\obj\main.o
LOAD ..\obj\procinit.o
LOAD ..\obj\startup_stm32f0xx.o
LOAD ..\obj\normalMenu.o
LOAD ..\obj\etimer.o
LOAD ..\obj\can.o
LOAD ..\obj\iconc.o
LOAD ..\obj\graph.o
LOAD ..\obj\rtimer.o
LOAD ..\obj\system_stm32f0xx_temp.o
LOAD ..\obj\text.o
LOAD ..\obj\memb.o
LOAD ..\obj\process.o
LOAD ..\obj\list.o
LOAD ..\obj\syscalls.o
LOAD ..\obj\debug-uart.o
LOAD ..\obj\debug.o
LOAD ..\obj\random.o
LOAD ..\obj\accControl.o
LOAD ..\obj\ctimer.o
LOAD ..\obj\autostart.o
LOAD ..\obj\stimer.o
LOAD ..\obj\filter.o
LOAD ..\obj\dma.o
LOAD ..\obj\clock.o
LOAD c:/program files (x86)/gnu tools arm embedded/6 2017-q2-update/bin/../lib/gcc/arm-none-eabi/6.3.1/../../../../arm-none-eabi/lib/thumb/v6-m\libm.a
START GROUP
LOAD c:/program files (x86)/gnu tools arm embedded/6 2017-q2-update/bin/../lib/gcc/arm-none-eabi/6.3.1/thumb/v6-m\libgcc.a
LOAD c:/program files (x86)/gnu tools arm embedded/6 2017-q2-update/bin/../lib/gcc/arm-none-eabi/6.3.1/../../../../arm-none-eabi/lib/thumb/v6-m\libg.a
LOAD c:/program files (x86)/gnu tools arm embedded/6 2017-q2-update/bin/../lib/gcc/arm-none-eabi/6.3.1/../../../../arm-none-eabi/lib/thumb/v6-m\libc.a
END GROUP
OUTPUT(coocontiki.elf elf32-littlearm)

.debug_info     0x00000000     0xe240
 .debug_info    0x00000000      0x15b ..\obj\delay.o
 .debug_info    0x0000015b      0x729 ..\obj\core.o
 .debug_info    0x00000884     0x1317 ..\obj\flash.o
 .debug_info    0x00001b9b      0x1a0 ..\obj\timer.o
 .debug_info    0x00001d3b      0xd1f ..\obj\mini-printf.o
 .debug_info    0x00002a5a      0x721 ..\obj\contiki-main.o
 .debug_info    0x0000317b     0x1f59 ..\obj\steer.o
 .debug_info    0x000050d4     0x1562 ..\obj\main.o
 .debug_info    0x00006636       0xae ..\obj\startup_stm32f0xx.o
 .debug_info    0x000066e4      0x617 ..\obj\etimer.o
 .debug_info    0x00006cfb     0x17aa ..\obj\can.o
 .debug_info    0x000084a5      0x2bb ..\obj\system_stm32f0xx_temp.o
 .debug_info    0x00008760      0xebc ..\obj\process.o
 .debug_info    0x0000961c      0x34a ..\obj\list.o
 .debug_info    0x00009966     0x1b21 ..\obj\debug-uart.o
 .debug_info    0x0000b487      0x9b6 ..\obj\debug.o
 .debug_info    0x0000be3d      0xa5d ..\obj\accControl.o
 .debug_info    0x0000c89a      0x679 ..\obj\ctimer.o
 .debug_info    0x0000cf13      0x204 ..\obj\autostart.o
 .debug_info    0x0000d117      0xb96 ..\obj\dma.o
 .debug_info    0x0000dcad      0x593 ..\obj\clock.o

.debug_abbrev   0x00000000     0x3049
 .debug_abbrev  0x00000000       0xda ..\obj\delay.o
 .debug_abbrev  0x000000da      0x1c2 ..\obj\core.o
 .debug_abbrev  0x0000029c      0x31e ..\obj\flash.o
 .debug_abbrev  0x000005ba       0xea ..\obj\timer.o
 .debug_abbrev  0x000006a4      0x332 ..\obj\mini-printf.o
 .debug_abbrev  0x000009d6      0x1aa ..\obj\contiki-main.o
 .debug_abbrev  0x00000b80      0x4b5 ..\obj\steer.o
 .debug_abbrev  0x00001035      0x2c6 ..\obj\main.o
 .debug_abbrev  0x000012fb       0x12 ..\obj\startup_stm32f0xx.o
 .debug_abbrev  0x0000130d      0x2b7 ..\obj\etimer.o
 .debug_abbrev  0x000015c4      0x396 ..\obj\can.o
 .debug_abbrev  0x0000195a      0x12b ..\obj\system_stm32f0xx_temp.o
 .debug_abbrev  0x00001a85      0x41e ..\obj\process.o
 .debug_abbrev  0x00001ea3      0x178 ..\obj\list.o
 .debug_abbrev  0x0000201b      0x476 ..\obj\debug-uart.o
 .debug_abbrev  0x00002491      0x239 ..\obj\debug.o
 .debug_abbrev  0x000026ca      0x1bd ..\obj\accControl.o
 .debug_abbrev  0x00002887      0x213 ..\obj\ctimer.o
 .debug_abbrev  0x00002a9a      0x142 ..\obj\autostart.o
 .debug_abbrev  0x00002bdc      0x26c ..\obj\dma.o
 .debug_abbrev  0x00002e48      0x201 ..\obj\clock.o

.debug_loc      0x00000000     0x2b03
 .debug_loc     0x00000000       0x8e ..\obj\delay.o
 .debug_loc     0x0000008e      0x12c ..\obj\core.o
 .debug_loc     0x000001ba      0x378 ..\obj\flash.o
 .debug_loc     0x00000532       0xec ..\obj\timer.o
 .debug_loc     0x0000061e      0x5b5 ..\obj\mini-printf.o
 .debug_loc     0x00000bd3      0x4da ..\obj\steer.o
 .debug_loc     0x000010ad      0x135 ..\obj\main.o
 .debug_loc     0x000011e2      0x3d1 ..\obj\etimer.o
 .debug_loc     0x000015b3      0x23b ..\obj\can.o
 .debug_loc     0x000017ee       0xee ..\obj\system_stm32f0xx_temp.o
 .debug_loc     0x000018dc      0x3a7 ..\obj\process.o
 .debug_loc     0x00001c83      0x2c7 ..\obj\list.o
 .debug_loc     0x00001f4a      0x442 ..\obj\debug-uart.o
 .debug_loc     0x0000238c       0x21 ..\obj\accControl.o
 .debug_loc     0x000023ad      0x36e ..\obj\ctimer.o
 .debug_loc     0x0000271b       0x42 ..\obj\autostart.o
 .debug_loc     0x0000275d      0x37d ..\obj\dma.o
 .debug_loc     0x00002ada       0x29 ..\obj\clock.o

.debug_aranges  0x00000000      0x610
 .debug_aranges
                0x00000000       0x28 ..\obj\delay.o
 .debug_aranges
                0x00000028       0x68 ..\obj\core.o
 .debug_aranges
                0x00000090       0x50 ..\obj\flash.o
 .debug_aranges
                0x000000e0       0x40 ..\obj\timer.o
 .debug_aranges
                0x00000120       0x40 ..\obj\mini-printf.o
 .debug_aranges
                0x00000160       0x20 ..\obj\contiki-main.o
 .debug_aranges
                0x00000180       0x58 ..\obj\steer.o
 .debug_aranges
                0x000001d8       0x20 ..\obj\main.o
 .debug_aranges
                0x000001f8       0x28 ..\obj\startup_stm32f0xx.o
 .debug_aranges
                0x00000220       0x88 ..\obj\etimer.o
 .debug_aranges
                0x000002a8       0x38 ..\obj\can.o
 .debug_aranges
                0x000002e0       0x30 ..\obj\system_stm32f0xx_temp.o
 .debug_aranges
                0x00000310       0x88 ..\obj\process.o
 .debug_aranges
                0x00000398       0x78 ..\obj\list.o
 .debug_aranges
                0x00000410       0x78 ..\obj\debug-uart.o
 .debug_aranges
                0x00000488       0x30 ..\obj\debug.o
 .debug_aranges
                0x000004b8       0x38 ..\obj\accControl.o
 .debug_aranges
                0x000004f0       0x50 ..\obj\ctimer.o
 .debug_aranges
                0x00000540       0x28 ..\obj\autostart.o
 .debug_aranges
                0x00000568       0x70 ..\obj\dma.o
 .debug_aranges
                0x000005d8       0x38 ..\obj\clock.o

.debug_ranges   0x00000000      0x758
 .debug_ranges  0x00000000       0x58 ..\obj\delay.o
 .debug_ranges  0x00000058       0x70 ..\obj\core.o
 .debug_ranges  0x000000c8       0x40 ..\obj\flash.o
 .debug_ranges  0x00000108       0x30 ..\obj\timer.o
 .debug_ranges  0x00000138       0x80 ..\obj\mini-printf.o
 .debug_ranges  0x000001b8       0x10 ..\obj\contiki-main.o
 .debug_ranges  0x000001c8       0xc0 ..\obj\steer.o
 .debug_ranges  0x00000288       0x30 ..\obj\main.o
 .debug_ranges  0x000002b8       0x20 ..\obj\startup_stm32f0xx.o
 .debug_ranges  0x000002d8       0xb0 ..\obj\etimer.o
 .debug_ranges  0x00000388       0x40 ..\obj\can.o
 .debug_ranges  0x000003c8       0x20 ..\obj\system_stm32f0xx_temp.o
 .debug_ranges  0x000003e8       0x90 ..\obj\process.o
 .debug_ranges  0x00000478       0x68 ..\obj\list.o
 .debug_ranges  0x000004e0       0xd8 ..\obj\debug-uart.o
 .debug_ranges  0x000005b8       0x20 ..\obj\debug.o
 .debug_ranges  0x000005d8       0x28 ..\obj\accControl.o
 .debug_ranges  0x00000600       0x60 ..\obj\ctimer.o
 .debug_ranges  0x00000660       0x18 ..\obj\autostart.o
 .debug_ranges  0x00000678       0xa0 ..\obj\dma.o
 .debug_ranges  0x00000718       0x40 ..\obj\clock.o

.debug_line     0x00000000     0x3a32
 .debug_line    0x00000000      0x1ce ..\obj\delay.o
 .debug_line    0x000001ce      0x2b4 ..\obj\core.o
 .debug_line    0x00000482      0x395 ..\obj\flash.o
 .debug_line    0x00000817      0x11a ..\obj\timer.o
 .debug_line    0x00000931      0x22d ..\obj\mini-printf.o
 .debug_line    0x00000b5e      0x275 ..\obj\contiki-main.o
 .debug_line    0x00000dd3      0x647 ..\obj\steer.o
 .debug_line    0x0000141a      0x4b9 ..\obj\main.o
 .debug_line    0x000018d3       0xaf ..\obj\startup_stm32f0xx.o
 .debug_line    0x00001982      0x26f ..\obj\etimer.o
 .debug_line    0x00001bf1      0x45e ..\obj\can.o
 .debug_line    0x0000204f      0x1e2 ..\obj\system_stm32f0xx_temp.o
 .debug_line    0x00002231      0x357 ..\obj\process.o
 .debug_line    0x00002588      0x196 ..\obj\list.o
 .debug_line    0x0000271e      0x544 ..\obj\debug-uart.o
 .debug_line    0x00002c62      0x20a ..\obj\debug.o
 .debug_line    0x00002e6c      0x282 ..\obj\accControl.o
 .debug_line    0x000030ee      0x221 ..\obj\ctimer.o
 .debug_line    0x0000330f       0xc7 ..\obj\autostart.o
 .debug_line    0x000033d6      0x399 ..\obj\dma.o
 .debug_line    0x0000376f      0x2c3 ..\obj\clock.o

.debug_str      0x00000000     0x1fe8
 .debug_str     0x00000000      0x153 ..\obj\delay.o
                                0x19e (size before relaxing)
 .debug_str     0x00000153      0x283 ..\obj\core.o
                                0x3e5 (size before relaxing)
 .debug_str     0x000003d6      0x813 ..\obj\flash.o
                                0xa69 (size before relaxing)
 .debug_str     0x00000be9       0x6d ..\obj\timer.o
                                0x1c0 (size before relaxing)
 .debug_str     0x00000c56       0xd7 ..\obj\mini-printf.o
                                0x62e (size before relaxing)
 .debug_str     0x00000d2d       0xaf ..\obj\contiki-main.o
                                0x5ab (size before relaxing)
 .debug_str     0x00000ddc      0x64d ..\obj\steer.o
                               0x106c (size before relaxing)
 .debug_str     0x00001429      0x12f ..\obj\main.o
                                0xc45 (size before relaxing)
 .debug_str     0x00001558      0x158 ..\obj\etimer.o
                                0x384 (size before relaxing)
 .debug_str     0x000016b0      0x152 ..\obj\can.o
                                0xdaf (size before relaxing)
 .debug_str     0x00001802       0xa8 ..\obj\system_stm32f0xx_temp.o
                                0x273 (size before relaxing)
 .debug_str     0x000018aa      0x119 ..\obj\process.o
                                0x72e (size before relaxing)
 .debug_str     0x000019c3       0xd9 ..\obj\list.o
                                0x174 (size before relaxing)
 .debug_str     0x00001a9c      0x191 ..\obj\debug-uart.o
                                0xe3a (size before relaxing)
 .debug_str     0x00001c2d       0x8b ..\obj\debug.o
                                0x629 (size before relaxing)
 .debug_str     0x00001cb8       0x5f ..\obj\accControl.o
                                0x71b (size before relaxing)
 .debug_str     0x00001d17       0xd9 ..\obj\ctimer.o
                                0x399 (size before relaxing)
 .debug_str     0x00001df0       0x4f ..\obj\autostart.o
                                0x217 (size before relaxing)
 .debug_str     0x00001e3f       0xf6 ..\obj\dma.o
                                0x64c (size before relaxing)
 .debug_str     0x00001f35       0xb3 ..\obj\clock.o
                                0x538 (size before relaxing)

.comment        0x00000000       0x7f
 .comment       0x00000000       0x7f ..\obj\delay.o
                                 0x80 (size before relaxing)
 .comment       0x0000007f       0x80 ..\obj\core.o
 .comment       0x0000007f       0x80 ..\obj\flash.o
 .comment       0x0000007f       0x80 ..\obj\timer.o
 .comment       0x0000007f       0x80 ..\obj\mini-printf.o
 .comment       0x0000007f       0x80 ..\obj\contiki-main.o
 .comment       0x0000007f       0x80 ..\obj\steer.o
 .comment       0x0000007f       0x80 ..\obj\main.o
 .comment       0x0000007f       0x80 ..\obj\etimer.o
 .comment       0x0000007f       0x80 ..\obj\can.o
 .comment       0x0000007f       0x80 ..\obj\system_stm32f0xx_temp.o
 .comment       0x0000007f       0x80 ..\obj\process.o
 .comment       0x0000007f       0x80 ..\obj\list.o
 .comment       0x0000007f       0x80 ..\obj\debug-uart.o
 .comment       0x0000007f       0x80 ..\obj\debug.o
 .comment       0x0000007f       0x80 ..\obj\accControl.o
 .comment       0x0000007f       0x80 ..\obj\ctimer.o
 .comment       0x0000007f       0x80 ..\obj\autostart.o
 .comment       0x0000007f       0x80 ..\obj\dma.o
 .comment       0x0000007f       0x80 ..\obj\clock.o

.ARM.attributes
                0x00000000       0x2f
 .ARM.attributes
                0x00000000       0x31 ..\obj\delay.o
 .ARM.attributes
                0x00000031       0x31 ..\obj\core.o
 .ARM.attributes
                0x00000062       0x31 ..\obj\flash.o
 .ARM.attributes
                0x00000093       0x31 ..\obj\timer.o
 .ARM.attributes
                0x000000c4       0x31 ..\obj\mini-printf.o
 .ARM.attributes
                0x000000f5       0x31 ..\obj\contiki-main.o
 .ARM.attributes
                0x00000126       0x31 ..\obj\steer.o
 .ARM.attributes
                0x00000157       0x31 ..\obj\main.o
 .ARM.attributes
                0x00000188       0x21 ..\obj\startup_stm32f0xx.o
 .ARM.attributes
                0x000001a9       0x31 ..\obj\etimer.o
 .ARM.attributes
                0x000001da       0x31 ..\obj\can.o
 .ARM.attributes
                0x0000020b       0x31 ..\obj\system_stm32f0xx_temp.o
 .ARM.attributes
                0x0000023c       0x31 ..\obj\process.o
 .ARM.attributes
                0x0000026d       0x31 ..\obj\list.o
 .ARM.attributes
                0x0000029e       0x31 ..\obj\debug-uart.o
 .ARM.attributes
                0x000002cf       0x31 ..\obj\debug.o
 .ARM.attributes
                0x00000300       0x31 ..\obj\accControl.o
 .ARM.attributes
                0x00000331       0x31 ..\obj\ctimer.o
 .ARM.attributes
                0x00000362       0x31 ..\obj\autostart.o
 .ARM.attributes
                0x00000393       0x31 ..\obj\dma.o
 .ARM.attributes
                0x000003c4       0x31 ..\obj\clock.o
 .ARM.attributes
                0x000003f5       0x1e c:/program files (x86)/gnu tools arm embedded/6 2017-q2-update/bin/../lib/gcc/arm-none-eabi/6.3.1/thumb/v6-m\libgcc.a(_udivsi3.o)
 .ARM.attributes
                0x00000413       0x1e c:/program files (x86)/gnu tools arm embedded/6 2017-q2-update/bin/../lib/gcc/arm-none-eabi/6.3.1/thumb/v6-m\libgcc.a(_divsi3.o)
 .ARM.attributes
                0x00000431       0x1e c:/program files (x86)/gnu tools arm embedded/6 2017-q2-update/bin/../lib/gcc/arm-none-eabi/6.3.1/thumb/v6-m\libgcc.a(_dvmd_tls.o)
 .ARM.attributes
                0x0000044f       0x2c c:/program files (x86)/gnu tools arm embedded/6 2017-q2-update/bin/../lib/gcc/arm-none-eabi/6.3.1/../../../../arm-none-eabi/lib/thumb/v6-m\libg.a(lib_a-memcpy-stub.o)
 .ARM.attributes
                0x0000047b       0x2c c:/program files (x86)/gnu tools arm embedded/6 2017-q2-update/bin/../lib/gcc/arm-none-eabi/6.3.1/../../../../arm-none-eabi/lib/thumb/v6-m\libg.a(lib_a-strlen-stub.o)

.debug_frame    0x00000000      0xdec
 .debug_frame   0x00000000       0x38 ..\obj\delay.o
 .debug_frame   0x00000038       0xfc ..\obj\core.o
 .debug_frame   0x00000134       0xac ..\obj\flash.o
 .debug_frame   0x000001e0       0x80 ..\obj\timer.o
 .debug_frame   0x00000260       0xa8 ..\obj\mini-printf.o
 .debug_frame   0x00000308       0x2c ..\obj\contiki-main.o
 .debug_frame   0x00000334       0xe4 ..\obj\steer.o
 .debug_frame   0x00000418       0x30 ..\obj\main.o
 .debug_frame   0x00000448      0x140 ..\obj\etimer.o
 .debug_frame   0x00000588       0x7c ..\obj\can.o
 .debug_frame   0x00000604       0x54 ..\obj\system_stm32f0xx_temp.o
 .debug_frame   0x00000658      0x164 ..\obj\process.o
 .debug_frame   0x000007bc       0xf8 ..\obj\list.o
 .debug_frame   0x000008b4      0x170 ..\obj\debug-uart.o
 .debug_frame   0x00000a24       0x50 ..\obj\debug.o
 .debug_frame   0x00000a74       0x50 ..\obj\accControl.o
 .debug_frame   0x00000ac4       0xcc ..\obj\ctimer.o
 .debug_frame   0x00000b90       0x40 ..\obj\autostart.o
 .debug_frame   0x00000bd0      0x12c ..\obj\dma.o
 .debug_frame   0x00000cfc       0x58 ..\obj\clock.o
 .debug_frame   0x00000d54       0x20 c:/program files (x86)/gnu tools arm embedded/6 2017-q2-update/bin/../lib/gcc/arm-none-eabi/6.3.1/thumb/v6-m\libgcc.a(_udivsi3.o)
 .debug_frame   0x00000d74       0x20 c:/program files (x86)/gnu tools arm embedded/6 2017-q2-update/bin/../lib/gcc/arm-none-eabi/6.3.1/thumb/v6-m\libgcc.a(_divsi3.o)
 .debug_frame   0x00000d94       0x30 c:/program files (x86)/gnu tools arm embedded/6 2017-q2-update/bin/../lib/gcc/arm-none-eabi/6.3.1/../../../../arm-none-eabi/lib/thumb/v6-m\libg.a(lib_a-memcpy-stub.o)
 .debug_frame   0x00000dc4       0x28 c:/program files (x86)/gnu tools arm embedded/6 2017-q2-update/bin/../lib/gcc/arm-none-eabi/6.3.1/../../../../arm-none-eabi/lib/thumb/v6-m\libg.a(lib_a-strlen-stub.o)
